------------------------------------------------------------
TimeQuest Timing Analyzer Summary
------------------------------------------------------------

Type  : Slow 1200mV 85C Model Setup 'CLOCK_50'
Slack : -5.370
TNS   : -1780.584

Type  : Slow 1200mV 85C Model Hold 'CLOCK_50'
Slack : 0.344
TNS   : 0.000

Type  : Slow 1200mV 85C Model Recovery 'CLOCK_50'
Slack : -1.135
TNS   : -18.112

Type  : Slow 1200mV 85C Model Removal 'CLOCK_50'
Slack : 1.187
TNS   : 0.000

Type  : Slow 1200mV 85C Model Minimum Pulse Width 'CLOCK_50'
Slack : -3.000
TNS   : -517.000

Type  : Slow 1200mV 0C Model Setup 'CLOCK_50'
Slack : -4.799
TNS   : -1551.589

Type  : Slow 1200mV 0C Model Hold 'CLOCK_50'
Slack : 0.299
TNS   : 0.000

Type  : Slow 1200mV 0C Model Recovery 'CLOCK_50'
Slack : -0.916
TNS   : -14.485

Type  : Slow 1200mV 0C Model Removal 'CLOCK_50'
Slack : 1.065
TNS   : 0.000

Type  : Slow 1200mV 0C Model Minimum Pulse Width 'CLOCK_50'
Slack : -3.000
TNS   : -517.000

Type  : Fast 1200mV 0C Model Setup 'CLOCK_50'
Slack : -2.615
TNS   : -817.991

Type  : Fast 1200mV 0C Model Hold 'CLOCK_50'
Slack : 0.180
TNS   : 0.000

Type  : Fast 1200mV 0C Model Recovery 'CLOCK_50'
Slack : -0.206
TNS   : -2.839

Type  : Fast 1200mV 0C Model Removal 'CLOCK_50'
Slack : 0.655
TNS   : 0.000

Type  : Fast 1200mV 0C Model Minimum Pulse Width 'CLOCK_50'
Slack : -3.000
TNS   : -546.599

------------------------------------------------------------
